// Jest Snapshot v1, https://goo.gl/fbAQLP

exports[`APILoader test Test closed issues 1`] = `
Array [
  Issue {
    "props": Object {
      "assignees": undefined,
      "description": null,
      "id": 54221,
      "state": "closed",
      "title": "Fix footer",
    },
  },
  Issue {
    "props": Object {
      "assignees": Array [
        User {
          "props": Object {
            "avatarUrl": "https://gitlab.stud.idi.ntnu.no/uploads/-/system/user/avatar/2350/avatar.png",
            "id": 2350,
            "name": "Marius Arhaug",
          },
        },
      ],
      "description": null,
      "id": 54220,
      "state": "closed",
      "title": "Fix infobox",
    },
  },
  Issue {
    "props": Object {
      "assignees": Array [
        User {
          "props": Object {
            "avatarUrl": "https://secure.gravatar.com/avatar/e5e39c38cd6b4b353a152b804f90566b?s=80&d=identicon",
            "id": 3197,
            "name": "Stefan Djordje Tomic",
          },
        },
      ],
      "description": null,
      "id": 54126,
      "state": "closed",
      "title": "FEAT: WebStorage",
    },
  },
  Issue {
    "props": Object {
      "assignees": undefined,
      "description": "APIManager is run and rerenders the DOM 4 times on each refresh?
Could this be due to to the way useEffect is used with the API functions and useState?",
      "id": 54034,
      "state": "closed",
      "title": "API requesting multiple times",
    },
  },
  Issue {
    "props": Object {
      "assignees": Array [
        User {
          "props": Object {
            "avatarUrl": "https://secure.gravatar.com/avatar/e5e39c38cd6b4b353a152b804f90566b?s=80&d=identicon",
            "id": 3197,
            "name": "Stefan Djordje Tomic",
          },
        },
      ],
      "description": null,
      "id": 53800,
      "state": "closed",
      "title": "FEAT: Create last 5 issues",
    },
  },
  Issue {
    "props": Object {
      "assignees": Array [
        User {
          "props": Object {
            "avatarUrl": "https://secure.gravatar.com/avatar/da38006dcacf8156bce26d14186fe363?s=80&d=identicon",
            "id": 3157,
            "name": "Ole Alexander Høyby",
          },
        },
      ],
      "description": null,
      "id": 53799,
      "state": "closed",
      "title": "FEAT: Create filter for main graph commits",
    },
  },
  Issue {
    "props": Object {
      "assignees": Array [
        User {
          "props": Object {
            "avatarUrl": "https://secure.gravatar.com/avatar/e5e39c38cd6b4b353a152b804f90566b?s=80&d=identicon",
            "id": 3197,
            "name": "Stefan Djordje Tomic",
          },
        },
      ],
      "description": "",
      "id": 53734,
      "state": "closed",
      "title": "FEAT: Save axios requests in sessionstorage",
    },
  },
  Issue {
    "props": Object {
      "assignees": Array [
        User {
          "props": Object {
            "avatarUrl": "https://gitlab.stud.idi.ntnu.no/uploads/-/system/user/avatar/2350/avatar.png",
            "id": 2350,
            "name": "Marius Arhaug",
          },
        },
      ],
      "description": null,
      "id": 53731,
      "state": "closed",
      "title": "FEAT: % issues resolved",
    },
  },
  Issue {
    "props": Object {
      "assignees": Array [
        User {
          "props": Object {
            "avatarUrl": "https://gitlab.stud.idi.ntnu.no/uploads/-/system/user/avatar/1138/avatar.png",
            "id": 1138,
            "name": "Patrick Øivind Helvik Legendre",
          },
        },
      ],
      "description": null,
      "id": 53696,
      "state": "closed",
      "title": "FEAT: create infobox",
    },
  },
  Issue {
    "props": Object {
      "assignees": Array [
        User {
          "props": Object {
            "avatarUrl": "https://secure.gravatar.com/avatar/e5e39c38cd6b4b353a152b804f90566b?s=80&d=identicon",
            "id": 3197,
            "name": "Stefan Djordje Tomic",
          },
        },
      ],
      "description": "* [x] Write snapshot-tests
* [ ] Write API tests using Axios",
      "id": 52904,
      "state": "closed",
      "title": "FEAT: Expand testing",
    },
  },
  Issue {
    "props": Object {
      "assignees": Array [
        User {
          "props": Object {
            "avatarUrl": "https://gitlab.stud.idi.ntnu.no/uploads/-/system/user/avatar/2350/avatar.png",
            "id": 2350,
            "name": "Marius Arhaug",
          },
        },
      ],
      "description": "at it2810-XX.idi.ntnu.no

Forelesning 3 om dette prosjektet sier vi skal sette opp websever?",
      "id": 52783,
      "state": "closed",
      "title": "FEAT: Set up webserver",
    },
  },
  Issue {
    "props": Object {
      "assignees": Array [
        User {
          "props": Object {
            "avatarUrl": "https://gitlab.stud.idi.ntnu.no/uploads/-/system/user/avatar/1138/avatar.png",
            "id": 1138,
            "name": "Patrick Øivind Helvik Legendre",
          },
        },
      ],
      "description": null,
      "id": 52485,
      "state": "closed",
      "title": "FEAT: create charts",
    },
  },
  Issue {
    "props": Object {
      "assignees": Array [
        User {
          "props": Object {
            "avatarUrl": "https://secure.gravatar.com/avatar/da38006dcacf8156bce26d14186fe363?s=80&d=identicon",
            "id": 3157,
            "name": "Ole Alexander Høyby",
          },
        },
      ],
      "description": "Add api for additional content:
- Repo name
- Repo description
- Commits: individual and global
- view readme",
      "id": 52274,
      "state": "closed",
      "title": "FEAT: extend API",
    },
  },
]
`;
